SET-UP=ПРЕДВАРИТЕЛЬНАЯ НАСТРОЙКА
Adjust screen brightness until the symbol on the right is barely visible.=Отрегулируйте яркость экрана так, чтобы рисунок справа был едва виден.
This experience has been designed for in-game voice chat, so I recommend giving it a try.\n\n=Для лучшего игрового опыта рекомендуется использовать внутриигровой голосовой чат.\n\n
> CONFIRM=> ПОДТВЕРДИТЬ
  CONFIRM=  ПОДТВЕРДИТЬ

//BG IG, A System-Act Ally\n      Copyright (C) 2084-2108, Halden Electronics Inc.\n\nCPU Type      :     BORSON 300 CPU at 2500 MHz\nMemory test  :      4521586K OK\n\nBoot Distributioner Application v0.04\nCopyright (C) 1488 Distributioner\n    Detecting Sting X ROM\n    Detecting Web LNV Extender\n    Detecting Heartbeats OK\n\n\nUTGF Device Listening...\n\nBody   ID   Neural   Device Class\n________________________________________\n\n2      52   Jo152       H515\n2      52   Sa5155      H515\n2      52   Bo75        H515\n2      52   Eri510      H515\n1      36   Ell567      H515\n1      36   Jos912      H515\n0\n=      ALL NIGGERS DEAD      Copyright (C) 1941-1945, Pidoras Inc.\n\nПроцессор    :     BORSON 300 CPU, 2500 МГц\nТест памяти  :      4521586K OK\n\ПРОДАМ ДОЧЬ ЦЫГАНА\nJesus Never said anything about gay people.\n    Незнаю что там с твоими вытекшими стойками, но тити явно хотят чтоб [ИЗ ПЕНИСА]на них вытекла некая субстанция\n    Обнаружено СПИД OK\n\n\nВыявление UTGF Device...\n\nBody   ID   Neural   Device Class\n________________________________________\n\n2      42   Jo152       H515\n2      42   FUCK VENOM      IFUSEEDIS-UGAY      42   Bo75        SENOM VEX      42   Eri510      H515\n1      14   Ell998      H515\n1      88   FDTV_MY_FATHER      H228\n0\n

LAUNCH MODE=РЕЖИМ ЗАПУСКА
  Online=  По сети
> Online=> По сети
(Recommended)= (рекомендуется)
  LAN=  Локальная сеть
> LAN=> Локальная сеть
(Launched in LAN mode)=(запущено в режиме локальной сети)

> Host=> Захостить тройничок
> Join a crew=> Присоединиться к тройничку
> Join LAN session=> Присоединиться к локальной сессии
> Settings=> Фрутелла
> Mod Settings=>НЕ ТРОГАЙ БЛЯДЬ
> Credits=> Титры(Не нажимай игра зафризит)
> Quit=> Съебаться

[ Confirm ]=[ОК]
[ Back ]=[НАЗАД]
Apply=Применить
Server name:=Имя сервера:
Public=Играть с чурками
PUBLIC means your game will be visible on the server list for all to see.=Играть с чурками: все чурки Москвы смогут зайти на этот сервер.
Friends-only=OnlyFans
PRIVATE means you must send invites through Steam for players to join.=OnlyFans: Ваши OnlyFans подписчики смогут зайти только по приглашению через Steam.
Enter a tag...=Добавить тэг...
With challenge moon=Испытание на луне
CHALLENGE=ИСПЫТАНИЕ

Host LAN Server:=Локальный сервер:
Allow remote connections=Удаленные соединения
Local-only=Местные соединения

Save File=Папка с порнухой
File 1=Порно\nс собаками
File 2=Обычное\nПорно
File 3=Хентай\nс лолями
r:"^(\$[0-9]+)\\nDays: ([0-9]+)$"=$1\nДней: $2
File incompatible!=Файл с порнухой несовместим!(
Do you want to delete File 1?=Вы действительно хотите удалить порно с собаками?
Do you want to delete File 2?=Вы действительно хотите удалить обычное порно?
Do you want to delete File 3?=Вы действительно хотите удалить хентай с лолями
Delete=Да, у меня мама проверяет\nкомп
Go back=Не

This is the weekly challenge moon. You have one day to make as much profit as possible.=Это еженедельная луна с испытанием. У вас есть только один день на то, чтобы заработать как можно больше прибыли.
r:"^Challenge Moon ([\s\S]+) Results$"=Итоги испытания на луне $1
Sort: Friends=Фильтр: друзья
Sort: Similar rank=Фильтр: мое место
Sort: Top 20=Фильтр: топ-20
Loading ranking...=Загрузка рейтинга...
(Removed score)=(прогресс сброшен)
[ Remove my score ]= [Сбросить прогресс]
[ Play again ]=[Играть снова]
Deceased=погиб

> Back to menu=> Вернуться в меню
Servers=Серверы
r:"\[MODDED]([\s\S]+)$"=[МОДЫ] $1
Loading server list...=Загрузка списка серверов...
No available servers to join.=Нет доступных серверов.
Join=Зайти
Sort: worldwide=Фильтр: мир
Sort: near=Фильтр: рядом
Sort: far=Фильтр: далеко
Enter server tag...=Найти по тэгу...
[ Refresh ]=[Обновить]
The server is full!=Нет свободных мест!
An error occured while spawning into the game. Please report the glitch!=Произошла ошибка при подключении к лобби.
An error occured!=Произошла неизвестая ошибка.
Error! Could not get the lobby data. Are you offline?=Ошибка! Не удалось получить инфу о лобби.\nТебе чурки инет отрубили или чо?
The host has not loaded or has already landed their ship.=Хост не загрузился, либо корабль уже съебался.
r:"^The server host is playing on version ([0-9]+) while you are on version ([0-9]+)\.$"=Хост сервера ебашит на $1 версии игры, а вы на $2 версии.

> Confirm changes=> Подтвердить изменения
Unconfirmed changes!=Неподтвержденные изменения!
Discard changes=Отменить изменения
> Back=> Назад
DISCARD=ОТМЕНИТЬ
BACK=НАЗАД
> Reset all to default=> Сбросить настройки
r:"Current input device: \\n ([\s\S]+)$"=Текущее устройство ввода: \n $1
MODE: Voice activation=Режим: по голосу
MODE: Push to talk=Режим: нажми и пизди
ENABLED=ВКЛЮЧЕНО
DISABLED=ВЫКЛЮЧЕНО
Master volume:=Общая громкость:
CONTROLS=УПРАВЛЕНИЕ
Look sensitivity:=Чувствительность мыши:
Invert Y-Axis=Инверт. ось Y
DISPLAY=ЭКРАН
Frame rate cap:=Ограничение частоты кадров:
r:"^([0-9]+) FPS$"=$1 FPS
Use monitor (V-Sync)=Частота монитора
Uncapped=Без ограничений
Display mode:=Режим отображения:
Fullscreen=Полноэкранный
Windowed fullscreen=Окно на весь экран
Maximized window=Развернутое окно
Window=В окне
Gamma/Brightness:=Яркость чубриков:
ACCESSIBILITY=ДОСТУПНОСТЬ
Arachnophobia Mode=ИНВАЛИД-АРАХНОФОБ MODE

Mod Settings :=Настройки LethalExpansion SDK
All Default=Нажми сюда, если хочешь играть с друзьяшками

Credits=Авторы